// Jest Snapshot v1, https://goo.gl/fbAQLP

exports[`Button スナップショットテスト round true 1`] = `
.c0 {
  display: inline-block;
  padding: 8px 10px;
  margin: 0 auto;
  border-radius: 4px;
  box-sizing: border-box;
  background: #fff;
  text-align: center;
  -webkit-text-decoration: none;
  text-decoration: none;
  border: solid 1px #888;
  padding: 8px 24px;
  border-radius: 24px;
}

<a
  className="c0"
/>
`;
